Undefined variable 'method'.
[line 3] in method()
[line 7] in script
