Undefined variable 'notDefined'.
[line 1] in script
