Undefined variable 'notDefined'.
[line 2] in script
