Can only call functions and classes.
[line 6] in script
