Only instances have properties.
[line 1] in script
