Only instances have properties.
[line 2] in script
