Only instances have properties.
[line 3] in script
