Undefined variable 'undefined1'.
[line 1] in script
