Undefined variable 'isOdd'.
[line 4] in isEven()
[line 12] in script
