Undefined property 'doesNotExist'.
[line 5] in foo()
[line 9] in script
