Expected 2 arguments but got 4.
[line 8] in script
