[line 35] Error at 1: Too many constant in one chunk
