[line 35] Error at "oops": Too many constant in one chunk
