[line 52] Error at oops: Too many local variables in function.
