[line 102] Error at oops: Too many closure variables in function.
