[line 2] Error at Foo: A class can't inherit from itself.
[line 5] Error at end: Expect '}' after block.
