Operands must be numbers
Expected number but got number and string.
[line 1] in script
