Operands must be numbers
Expected number but got string and number.
[line 1] in script
